------------------------------------------------------------
Timing Analyzer Summary
------------------------------------------------------------

Type  : Slow 1100mV 85C Model Setup 'CLOCK_50'
Slack : -8.356
TNS   : -3371.368

Type  : Slow 1100mV 85C Model Hold 'CLOCK_50'
Slack : 0.769
TNS   : 0.000

Type  : Slow 1100mV 85C Model Recovery 'KEY[1]'
Slack : -5.126
TNS   : -5.126

Type  : Slow 1100mV 85C Model Recovery 'KEY[0]'
Slack : -4.717
TNS   : -4.717

Type  : Slow 1100mV 85C Model Recovery 'FPGA_RESET_N'
Slack : -4.627
TNS   : -4.627

Type  : Slow 1100mV 85C Model Removal 'FPGA_RESET_N'
Slack : 0.991
TNS   : 0.000

Type  : Slow 1100mV 85C Model Removal 'KEY[0]'
Slack : 1.496
TNS   : 0.000

Type  : Slow 1100mV 85C Model Removal 'KEY[1]'
Slack : 1.530
TNS   : 0.000

Type  : Slow 1100mV 85C Model Minimum Pulse Width 'CLOCK_50'
Slack : -1.031
TNS   : -822.186

Type  : Slow 1100mV 85C Model Minimum Pulse Width 'FPGA_RESET_N'
Slack : -0.807
TNS   : -1.412

Type  : Slow 1100mV 85C Model Minimum Pulse Width 'KEY[1]'
Slack : -0.726
TNS   : -1.264

Type  : Slow 1100mV 85C Model Minimum Pulse Width 'KEY[0]'
Slack : -0.579
TNS   : -1.117

Type  : Slow 1100mV 0C Model Setup 'CLOCK_50'
Slack : -8.434
TNS   : -3264.595

Type  : Slow 1100mV 0C Model Hold 'CLOCK_50'
Slack : 0.701
TNS   : 0.000

Type  : Slow 1100mV 0C Model Recovery 'KEY[1]'
Slack : -5.290
TNS   : -5.290

Type  : Slow 1100mV 0C Model Recovery 'FPGA_RESET_N'
Slack : -4.813
TNS   : -4.813

Type  : Slow 1100mV 0C Model Recovery 'KEY[0]'
Slack : -4.742
TNS   : -4.742

Type  : Slow 1100mV 0C Model Removal 'FPGA_RESET_N'
Slack : 1.012
TNS   : 0.000

Type  : Slow 1100mV 0C Model Removal 'KEY[1]'
Slack : 1.443
TNS   : 0.000

Type  : Slow 1100mV 0C Model Removal 'KEY[0]'
Slack : 1.534
TNS   : 0.000

Type  : Slow 1100mV 0C Model Minimum Pulse Width 'CLOCK_50'
Slack : -1.037
TNS   : -860.977

Type  : Slow 1100mV 0C Model Minimum Pulse Width 'FPGA_RESET_N'
Slack : -0.893
TNS   : -1.659

Type  : Slow 1100mV 0C Model Minimum Pulse Width 'KEY[1]'
Slack : -0.809
TNS   : -1.470

Type  : Slow 1100mV 0C Model Minimum Pulse Width 'KEY[0]'
Slack : -0.628
TNS   : -1.166

Type  : Fast 1100mV 85C Model Setup 'CLOCK_50'
Slack : -4.083
TNS   : -1598.449

Type  : Fast 1100mV 85C Model Hold 'CLOCK_50'
Slack : 0.297
TNS   : 0.000

Type  : Fast 1100mV 85C Model Recovery 'KEY[1]'
Slack : -2.104
TNS   : -2.104

Type  : Fast 1100mV 85C Model Recovery 'KEY[0]'
Slack : -1.926
TNS   : -1.926

Type  : Fast 1100mV 85C Model Recovery 'FPGA_RESET_N'
Slack : -1.788
TNS   : -1.788

Type  : Fast 1100mV 85C Model Removal 'FPGA_RESET_N'
Slack : 0.074
TNS   : 0.000

Type  : Fast 1100mV 85C Model Removal 'KEY[0]'
Slack : 0.393
TNS   : 0.000

Type  : Fast 1100mV 85C Model Removal 'KEY[1]'
Slack : 0.505
TNS   : 0.000

Type  : Fast 1100mV 85C Model Minimum Pulse Width 'CLOCK_50'
Slack : -1.067
TNS   : -809.924

Type  : Fast 1100mV 85C Model Minimum Pulse Width 'FPGA_RESET_N'
Slack : -0.906
TNS   : -2.345

Type  : Fast 1100mV 85C Model Minimum Pulse Width 'KEY[1]'
Slack : -0.812
TNS   : -2.069

Type  : Fast 1100mV 85C Model Minimum Pulse Width 'KEY[0]'
Slack : -0.714
TNS   : -1.889

Type  : Fast 1100mV 0C Model Setup 'CLOCK_50'
Slack : -3.652
TNS   : -1380.211

Type  : Fast 1100mV 0C Model Hold 'CLOCK_50'
Slack : 0.278
TNS   : 0.000

Type  : Fast 1100mV 0C Model Recovery 'KEY[1]'
Slack : -1.848
TNS   : -1.848

Type  : Fast 1100mV 0C Model Recovery 'KEY[0]'
Slack : -1.724
TNS   : -1.724

Type  : Fast 1100mV 0C Model Recovery 'FPGA_RESET_N'
Slack : -1.563
TNS   : -1.563

Type  : Fast 1100mV 0C Model Removal 'FPGA_RESET_N'
Slack : 0.039
TNS   : 0.000

Type  : Fast 1100mV 0C Model Removal 'KEY[0]'
Slack : 0.347
TNS   : 0.000

Type  : Fast 1100mV 0C Model Removal 'KEY[1]'
Slack : 0.413
TNS   : 0.000

Type  : Fast 1100mV 0C Model Minimum Pulse Width 'CLOCK_50'
Slack : -1.018
TNS   : -808.390

Type  : Fast 1100mV 0C Model Minimum Pulse Width 'FPGA_RESET_N'
Slack : -0.922
TNS   : -2.540

Type  : Fast 1100mV 0C Model Minimum Pulse Width 'KEY[1]'
Slack : -0.836
TNS   : -2.286

Type  : Fast 1100mV 0C Model Minimum Pulse Width 'KEY[0]'
Slack : -0.744
TNS   : -2.097

------------------------------------------------------------
