------------------------------------------------------------
Timing Analyzer Summary
------------------------------------------------------------

Type  : Slow 1100mV 85C Model Setup 'CLOCK_50'
Slack : -9.076
TNS   : -3643.400

Type  : Slow 1100mV 85C Model Hold 'CLOCK_50'
Slack : 0.485
TNS   : 0.000

Type  : Slow 1100mV 85C Model Recovery 'FPGA_RESET_N'
Slack : -5.199
TNS   : -5.199

Type  : Slow 1100mV 85C Model Recovery 'KEY[1]'
Slack : -5.188
TNS   : -5.188

Type  : Slow 1100mV 85C Model Recovery 'KEY[0]'
Slack : -4.972
TNS   : -4.972

Type  : Slow 1100mV 85C Model Removal 'FPGA_RESET_N'
Slack : 1.111
TNS   : 0.000

Type  : Slow 1100mV 85C Model Removal 'KEY[0]'
Slack : 1.279
TNS   : 0.000

Type  : Slow 1100mV 85C Model Removal 'KEY[1]'
Slack : 1.686
TNS   : 0.000

Type  : Slow 1100mV 85C Model Minimum Pulse Width 'CLOCK_50'
Slack : -0.875
TNS   : -777.247

Type  : Slow 1100mV 85C Model Minimum Pulse Width 'FPGA_RESET_N'
Slack : -0.797
TNS   : -1.386

Type  : Slow 1100mV 85C Model Minimum Pulse Width 'KEY[0]'
Slack : -0.772
TNS   : -1.315

Type  : Slow 1100mV 85C Model Minimum Pulse Width 'KEY[1]'
Slack : -0.553
TNS   : -1.091

Type  : Slow 1100mV 0C Model Setup 'CLOCK_50'
Slack : -9.130
TNS   : -3558.944

Type  : Slow 1100mV 0C Model Hold 'CLOCK_50'
Slack : 0.497
TNS   : 0.000

Type  : Slow 1100mV 0C Model Recovery 'FPGA_RESET_N'
Slack : -5.299
TNS   : -5.299

Type  : Slow 1100mV 0C Model Recovery 'KEY[1]'
Slack : -5.133
TNS   : -5.133

Type  : Slow 1100mV 0C Model Recovery 'KEY[0]'
Slack : -4.985
TNS   : -4.985

Type  : Slow 1100mV 0C Model Removal 'FPGA_RESET_N'
Slack : 1.184
TNS   : 0.000

Type  : Slow 1100mV 0C Model Removal 'KEY[0]'
Slack : 1.288
TNS   : 0.000

Type  : Slow 1100mV 0C Model Removal 'KEY[1]'
Slack : 1.685
TNS   : 0.000

Type  : Slow 1100mV 0C Model Minimum Pulse Width 'FPGA_RESET_N'
Slack : -0.898
TNS   : -1.741

Type  : Slow 1100mV 0C Model Minimum Pulse Width 'CLOCK_50'
Slack : -0.873
TNS   : -795.106

Type  : Slow 1100mV 0C Model Minimum Pulse Width 'KEY[0]'
Slack : -0.802
TNS   : -1.430

Type  : Slow 1100mV 0C Model Minimum Pulse Width 'KEY[1]'
Slack : -0.605
TNS   : -1.143

Type  : Fast 1100mV 85C Model Setup 'CLOCK_50'
Slack : -4.185
TNS   : -1697.904

Type  : Fast 1100mV 85C Model Hold 'CLOCK_50'
Slack : 0.183
TNS   : 0.000

Type  : Fast 1100mV 85C Model Recovery 'FPGA_RESET_N'
Slack : -2.206
TNS   : -2.206

Type  : Fast 1100mV 85C Model Recovery 'KEY[1]'
Slack : -2.158
TNS   : -2.158

Type  : Fast 1100mV 85C Model Recovery 'KEY[0]'
Slack : -1.941
TNS   : -1.941

Type  : Fast 1100mV 85C Model Removal 'FPGA_RESET_N'
Slack : 0.248
TNS   : 0.000

Type  : Fast 1100mV 85C Model Removal 'KEY[0]'
Slack : 0.251
TNS   : 0.000

Type  : Fast 1100mV 85C Model Removal 'KEY[1]'
Slack : 0.537
TNS   : 0.000

Type  : Fast 1100mV 85C Model Minimum Pulse Width 'CLOCK_50'
Slack : -0.971
TNS   : -813.831

Type  : Fast 1100mV 85C Model Minimum Pulse Width 'KEY[0]'
Slack : -0.876
TNS   : -2.273

Type  : Fast 1100mV 85C Model Minimum Pulse Width 'FPGA_RESET_N'
Slack : -0.871
TNS   : -2.312

Type  : Fast 1100mV 85C Model Minimum Pulse Width 'KEY[1]'
Slack : -0.708
TNS   : -1.813

Type  : Fast 1100mV 0C Model Setup 'CLOCK_50'
Slack : -3.773
TNS   : -1469.961

Type  : Fast 1100mV 0C Model Hold 'CLOCK_50'
Slack : 0.165
TNS   : 0.000

Type  : Fast 1100mV 0C Model Recovery 'FPGA_RESET_N'
Slack : -1.934
TNS   : -1.934

Type  : Fast 1100mV 0C Model Recovery 'KEY[1]'
Slack : -1.897
TNS   : -1.897

Type  : Fast 1100mV 0C Model Recovery 'KEY[0]'
Slack : -1.725
TNS   : -1.725

Type  : Fast 1100mV 0C Model Removal 'KEY[0]'
Slack : 0.196
TNS   : 0.000

Type  : Fast 1100mV 0C Model Removal 'FPGA_RESET_N'
Slack : 0.217
TNS   : 0.000

Type  : Fast 1100mV 0C Model Removal 'KEY[1]'
Slack : 0.477
TNS   : 0.000

Type  : Fast 1100mV 0C Model Minimum Pulse Width 'CLOCK_50'
Slack : -0.935
TNS   : -806.649

Type  : Fast 1100mV 0C Model Minimum Pulse Width 'FPGA_RESET_N'
Slack : -0.892
TNS   : -2.515

Type  : Fast 1100mV 0C Model Minimum Pulse Width 'KEY[0]'
Slack : -0.862
TNS   : -2.337

Type  : Fast 1100mV 0C Model Minimum Pulse Width 'KEY[1]'
Slack : -0.752
TNS   : -2.092

------------------------------------------------------------
