------------------------------------------------------------
Timing Analyzer Summary
------------------------------------------------------------

Type  : Slow 1100mV 85C Model Setup 'CLOCK_50'
Slack : -11.654
TNS   : -4527.900

Type  : Slow 1100mV 85C Model Hold 'CLOCK_50'
Slack : 0.333
TNS   : 0.000

Type  : Slow 1100mV 85C Model Recovery 'KEY[1]'
Slack : -6.467
TNS   : -6.467

Type  : Slow 1100mV 85C Model Recovery 'KEY[0]'
Slack : -6.157
TNS   : -6.157

Type  : Slow 1100mV 85C Model Recovery 'FPGA_RESET_N'
Slack : -6.141
TNS   : -6.141

Type  : Slow 1100mV 85C Model Removal 'FPGA_RESET_N'
Slack : 2.001
TNS   : 0.000

Type  : Slow 1100mV 85C Model Removal 'KEY[0]'
Slack : 2.044
TNS   : 0.000

Type  : Slow 1100mV 85C Model Removal 'KEY[1]'
Slack : 2.171
TNS   : 0.000

Type  : Slow 1100mV 85C Model Minimum Pulse Width 'CLOCK_50'
Slack : -0.878
TNS   : -772.280

Type  : Slow 1100mV 85C Model Minimum Pulse Width 'KEY[1]'
Slack : -0.800
TNS   : -1.415

Type  : Slow 1100mV 85C Model Minimum Pulse Width 'KEY[0]'
Slack : -0.780
TNS   : -1.337

Type  : Slow 1100mV 85C Model Minimum Pulse Width 'FPGA_RESET_N'
Slack : -0.710
TNS   : -1.248

Type  : Slow 1100mV 0C Model Setup 'CLOCK_50'
Slack : -11.580
TNS   : -4414.916

Type  : Slow 1100mV 0C Model Hold 'CLOCK_50'
Slack : 0.353
TNS   : 0.000

Type  : Slow 1100mV 0C Model Recovery 'KEY[1]'
Slack : -6.502
TNS   : -6.502

Type  : Slow 1100mV 0C Model Recovery 'KEY[0]'
Slack : -6.202
TNS   : -6.202

Type  : Slow 1100mV 0C Model Recovery 'FPGA_RESET_N'
Slack : -6.198
TNS   : -6.198

Type  : Slow 1100mV 0C Model Removal 'FPGA_RESET_N'
Slack : 1.968
TNS   : 0.000

Type  : Slow 1100mV 0C Model Removal 'KEY[0]'
Slack : 1.987
TNS   : 0.000

Type  : Slow 1100mV 0C Model Removal 'KEY[1]'
Slack : 2.140
TNS   : 0.000

Type  : Slow 1100mV 0C Model Minimum Pulse Width 'CLOCK_50'
Slack : -0.915
TNS   : -833.494

Type  : Slow 1100mV 0C Model Minimum Pulse Width 'KEY[1]'
Slack : -0.838
TNS   : -1.560

Type  : Slow 1100mV 0C Model Minimum Pulse Width 'KEY[0]'
Slack : -0.794
TNS   : -1.424

Type  : Slow 1100mV 0C Model Minimum Pulse Width 'FPGA_RESET_N'
Slack : -0.762
TNS   : -1.348

Type  : Fast 1100mV 85C Model Setup 'CLOCK_50'
Slack : -5.708
TNS   : -2126.853

Type  : Fast 1100mV 85C Model Hold 'CLOCK_50'
Slack : 0.049
TNS   : 0.000

Type  : Fast 1100mV 85C Model Recovery 'KEY[1]'
Slack : -2.602
TNS   : -2.602

Type  : Fast 1100mV 85C Model Recovery 'FPGA_RESET_N'
Slack : -2.534
TNS   : -2.534

Type  : Fast 1100mV 85C Model Recovery 'KEY[0]'
Slack : -2.468
TNS   : -2.468

Type  : Fast 1100mV 85C Model Removal 'KEY[0]'
Slack : 0.557
TNS   : 0.000

Type  : Fast 1100mV 85C Model Removal 'FPGA_RESET_N'
Slack : 0.583
TNS   : 0.000

Type  : Fast 1100mV 85C Model Removal 'KEY[1]'
Slack : 0.622
TNS   : 0.000

Type  : Fast 1100mV 85C Model Minimum Pulse Width 'CLOCK_50'
Slack : -0.935
TNS   : -781.602

Type  : Fast 1100mV 85C Model Minimum Pulse Width 'KEY[1]'
Slack : -0.900
TNS   : -2.404

Type  : Fast 1100mV 85C Model Minimum Pulse Width 'KEY[0]'
Slack : -0.864
TNS   : -2.267

Type  : Fast 1100mV 85C Model Minimum Pulse Width 'FPGA_RESET_N'
Slack : -0.806
TNS   : -2.049

Type  : Fast 1100mV 0C Model Setup 'CLOCK_50'
Slack : -5.112
TNS   : -1868.633

Type  : Fast 1100mV 0C Model Hold 'CLOCK_50'
Slack : 0.049
TNS   : 0.000

Type  : Fast 1100mV 0C Model Recovery 'KEY[1]'
Slack : -2.334
TNS   : -2.334

Type  : Fast 1100mV 0C Model Recovery 'FPGA_RESET_N'
Slack : -2.301
TNS   : -2.301

Type  : Fast 1100mV 0C Model Recovery 'KEY[0]'
Slack : -2.219
TNS   : -2.219

Type  : Fast 1100mV 0C Model Removal 'KEY[0]'
Slack : 0.495
TNS   : 0.000

Type  : Fast 1100mV 0C Model Removal 'FPGA_RESET_N'
Slack : 0.538
TNS   : 0.000

Type  : Fast 1100mV 0C Model Removal 'KEY[1]'
Slack : 0.543
TNS   : 0.000

Type  : Fast 1100mV 0C Model Minimum Pulse Width 'CLOCK_50'
Slack : -0.921
TNS   : -801.273

Type  : Fast 1100mV 0C Model Minimum Pulse Width 'KEY[1]'
Slack : -0.889
TNS   : -2.465

Type  : Fast 1100mV 0C Model Minimum Pulse Width 'KEY[0]'
Slack : -0.855
TNS   : -2.339

Type  : Fast 1100mV 0C Model Minimum Pulse Width 'FPGA_RESET_N'
Slack : -0.829
TNS   : -2.280

------------------------------------------------------------
