------------------------------------------------------------
Timing Analyzer Summary
------------------------------------------------------------

Type  : Slow 1100mV 85C Model Setup 'CLOCK_50'
Slack : -10.734
TNS   : -4890.863

Type  : Slow 1100mV 85C Model Setup 'driverVGA:driverVGA|pixel_clk'
Slack : -7.392
TNS   : -369.461

Type  : Slow 1100mV 85C Model Hold 'CLOCK_50'
Slack : 0.367
TNS   : 0.000

Type  : Slow 1100mV 85C Model Hold 'driverVGA:driverVGA|pixel_clk'
Slack : 0.481
TNS   : 0.000

Type  : Slow 1100mV 85C Model Recovery 'KEY[1]'
Slack : -5.424
TNS   : -5.424

Type  : Slow 1100mV 85C Model Recovery 'KEY[0]'
Slack : -5.356
TNS   : -5.356

Type  : Slow 1100mV 85C Model Recovery 'SW[9]'
Slack : -4.945
TNS   : -4.945

Type  : Slow 1100mV 85C Model Recovery 'FPGA_RESET_N'
Slack : -4.843
TNS   : -4.843

Type  : Slow 1100mV 85C Model Removal 'FPGA_RESET_N'
Slack : 1.347
TNS   : 0.000

Type  : Slow 1100mV 85C Model Removal 'KEY[0]'
Slack : 1.453
TNS   : 0.000

Type  : Slow 1100mV 85C Model Removal 'SW[9]'
Slack : 1.515
TNS   : 0.000

Type  : Slow 1100mV 85C Model Removal 'KEY[1]'
Slack : 1.595
TNS   : 0.000

Type  : Slow 1100mV 85C Model Minimum Pulse Width 'CLOCK_50'
Slack : -2.636
TNS   : -908.819

Type  : Slow 1100mV 85C Model Minimum Pulse Width 'driverVGA:driverVGA|pixel_clk'
Slack : -2.636
TNS   : -96.953

Type  : Slow 1100mV 85C Model Minimum Pulse Width 'SW[9]'
Slack : -0.816
TNS   : -1.412

Type  : Slow 1100mV 85C Model Minimum Pulse Width 'FPGA_RESET_N'
Slack : -0.694
TNS   : -1.232

Type  : Slow 1100mV 85C Model Minimum Pulse Width 'KEY[1]'
Slack : -0.694
TNS   : -1.232

Type  : Slow 1100mV 85C Model Minimum Pulse Width 'KEY[0]'
Slack : -0.640
TNS   : -1.178

Type  : Slow 1100mV 0C Model Setup 'CLOCK_50'
Slack : -10.764
TNS   : -4778.463

Type  : Slow 1100mV 0C Model Setup 'driverVGA:driverVGA|pixel_clk'
Slack : -7.547
TNS   : -366.792

Type  : Slow 1100mV 0C Model Hold 'CLOCK_50'
Slack : 0.372
TNS   : 0.000

Type  : Slow 1100mV 0C Model Hold 'driverVGA:driverVGA|pixel_clk'
Slack : 0.456
TNS   : 0.000

Type  : Slow 1100mV 0C Model Recovery 'KEY[1]'
Slack : -5.473
TNS   : -5.473

Type  : Slow 1100mV 0C Model Recovery 'KEY[0]'
Slack : -5.372
TNS   : -5.372

Type  : Slow 1100mV 0C Model Recovery 'SW[9]'
Slack : -4.994
TNS   : -4.994

Type  : Slow 1100mV 0C Model Recovery 'FPGA_RESET_N'
Slack : -4.918
TNS   : -4.918

Type  : Slow 1100mV 0C Model Removal 'FPGA_RESET_N'
Slack : 1.357
TNS   : 0.000

Type  : Slow 1100mV 0C Model Removal 'KEY[0]'
Slack : 1.380
TNS   : 0.000

Type  : Slow 1100mV 0C Model Removal 'SW[9]'
Slack : 1.438
TNS   : 0.000

Type  : Slow 1100mV 0C Model Removal 'KEY[1]'
Slack : 1.533
TNS   : 0.000

Type  : Slow 1100mV 0C Model Minimum Pulse Width 'CLOCK_50'
Slack : -2.636
TNS   : -945.299

Type  : Slow 1100mV 0C Model Minimum Pulse Width 'driverVGA:driverVGA|pixel_clk'
Slack : -2.636
TNS   : -95.739

Type  : Slow 1100mV 0C Model Minimum Pulse Width 'SW[9]'
Slack : -0.843
TNS   : -1.548

Type  : Slow 1100mV 0C Model Minimum Pulse Width 'FPGA_RESET_N'
Slack : -0.782
TNS   : -1.426

Type  : Slow 1100mV 0C Model Minimum Pulse Width 'KEY[0]'
Slack : -0.695
TNS   : -1.238

Type  : Slow 1100mV 0C Model Minimum Pulse Width 'KEY[1]'
Slack : -0.682
TNS   : -1.227

Type  : Fast 1100mV 85C Model Setup 'CLOCK_50'
Slack : -5.196
TNS   : -2253.783

Type  : Fast 1100mV 85C Model Setup 'driverVGA:driverVGA|pixel_clk'
Slack : -3.522
TNS   : -160.664

Type  : Fast 1100mV 85C Model Hold 'CLOCK_50'
Slack : 0.102
TNS   : 0.000

Type  : Fast 1100mV 85C Model Hold 'driverVGA:driverVGA|pixel_clk'
Slack : 0.161
TNS   : 0.000

Type  : Fast 1100mV 85C Model Recovery 'KEY[0]'
Slack : -2.303
TNS   : -2.303

Type  : Fast 1100mV 85C Model Recovery 'KEY[1]'
Slack : -2.240
TNS   : -2.240

Type  : Fast 1100mV 85C Model Recovery 'SW[9]'
Slack : -2.112
TNS   : -2.112

Type  : Fast 1100mV 85C Model Recovery 'FPGA_RESET_N'
Slack : -2.082
TNS   : -2.082

Type  : Fast 1100mV 85C Model Removal 'FPGA_RESET_N'
Slack : 0.346
TNS   : 0.000

Type  : Fast 1100mV 85C Model Removal 'KEY[1]'
Slack : 0.352
TNS   : 0.000

Type  : Fast 1100mV 85C Model Removal 'SW[9]'
Slack : 0.384
TNS   : 0.000

Type  : Fast 1100mV 85C Model Removal 'KEY[0]'
Slack : 0.498
TNS   : 0.000

Type  : Fast 1100mV 85C Model Minimum Pulse Width 'CLOCK_50'
Slack : -2.174
TNS   : -865.521

Type  : Fast 1100mV 85C Model Minimum Pulse Width 'driverVGA:driverVGA|pixel_clk'
Slack : -2.174
TNS   : -34.118

Type  : Fast 1100mV 85C Model Minimum Pulse Width 'SW[9]'
Slack : -0.866
TNS   : -2.227

Type  : Fast 1100mV 85C Model Minimum Pulse Width 'FPGA_RESET_N'
Slack : -0.837
TNS   : -2.220

Type  : Fast 1100mV 85C Model Minimum Pulse Width 'KEY[1]'
Slack : -0.777
TNS   : -2.065

Type  : Fast 1100mV 85C Model Minimum Pulse Width 'KEY[0]'
Slack : -0.739
TNS   : -1.936

Type  : Fast 1100mV 0C Model Setup 'CLOCK_50'
Slack : -4.623
TNS   : -1978.673

Type  : Fast 1100mV 0C Model Setup 'driverVGA:driverVGA|pixel_clk'
Slack : -3.263
TNS   : -143.073

Type  : Fast 1100mV 0C Model Hold 'CLOCK_50'
Slack : 0.087
TNS   : 0.000

Type  : Fast 1100mV 0C Model Hold 'driverVGA:driverVGA|pixel_clk'
Slack : 0.138
TNS   : 0.000

Type  : Fast 1100mV 0C Model Recovery 'KEY[0]'
Slack : -2.067
TNS   : -2.067

Type  : Fast 1100mV 0C Model Recovery 'KEY[1]'
Slack : -1.961
TNS   : -1.961

Type  : Fast 1100mV 0C Model Recovery 'FPGA_RESET_N'
Slack : -1.859
TNS   : -1.859

Type  : Fast 1100mV 0C Model Recovery 'SW[9]'
Slack : -1.837
TNS   : -1.837

Type  : Fast 1100mV 0C Model Removal 'KEY[1]'
Slack : 0.281
TNS   : 0.000

Type  : Fast 1100mV 0C Model Removal 'SW[9]'
Slack : 0.303
TNS   : 0.000

Type  : Fast 1100mV 0C Model Removal 'FPGA_RESET_N'
Slack : 0.317
TNS   : 0.000

Type  : Fast 1100mV 0C Model Removal 'KEY[0]'
Slack : 0.407
TNS   : 0.000

Type  : Fast 1100mV 0C Model Minimum Pulse Width 'CLOCK_50'
Slack : -2.174
TNS   : -898.848

Type  : Fast 1100mV 0C Model Minimum Pulse Width 'driverVGA:driverVGA|pixel_clk'
Slack : -2.174
TNS   : -34.001

Type  : Fast 1100mV 0C Model Minimum Pulse Width 'FPGA_RESET_N'
Slack : -0.870
TNS   : -2.439

Type  : Fast 1100mV 0C Model Minimum Pulse Width 'SW[9]'
Slack : -0.851
TNS   : -2.320

Type  : Fast 1100mV 0C Model Minimum Pulse Width 'KEY[0]'
Slack : -0.776
TNS   : -2.148

Type  : Fast 1100mV 0C Model Minimum Pulse Width 'KEY[1]'
Slack : -0.772
TNS   : -2.164

------------------------------------------------------------
