------------------------------------------------------------
Timing Analyzer Summary
------------------------------------------------------------

Type  : Slow 1100mV 85C Model Setup 'KEY[0]'
Slack : -5.269
TNS   : -487.161

Type  : Slow 1100mV 85C Model Setup 'CLOCK_50'
Slack : -2.949
TNS   : -2.949

Type  : Slow 1100mV 85C Model Hold 'KEY[0]'
Slack : 0.743
TNS   : 0.000

Type  : Slow 1100mV 85C Model Hold 'CLOCK_50'
Slack : 0.818
TNS   : 0.000

Type  : Slow 1100mV 85C Model Minimum Pulse Width 'CLOCK_50'
Slack : -0.718
TNS   : -1.256

Type  : Slow 1100mV 85C Model Minimum Pulse Width 'KEY[0]'
Slack : -0.582
TNS   : -121.198

Type  : Slow 1100mV 0C Model Setup 'KEY[0]'
Slack : -5.381
TNS   : -485.555

Type  : Slow 1100mV 0C Model Setup 'CLOCK_50'
Slack : -2.908
TNS   : -2.908

Type  : Slow 1100mV 0C Model Hold 'CLOCK_50'
Slack : 0.609
TNS   : 0.000

Type  : Slow 1100mV 0C Model Hold 'KEY[0]'
Slack : 0.736
TNS   : 0.000

Type  : Slow 1100mV 0C Model Minimum Pulse Width 'CLOCK_50'
Slack : -0.716
TNS   : -1.275

Type  : Slow 1100mV 0C Model Minimum Pulse Width 'KEY[0]'
Slack : -0.658
TNS   : -134.645

Type  : Fast 1100mV 85C Model Setup 'CLOCK_50'
Slack : -2.235
TNS   : -2.235

Type  : Fast 1100mV 85C Model Setup 'KEY[0]'
Slack : -2.081
TNS   : -186.059

Type  : Fast 1100mV 85C Model Hold 'CLOCK_50'
Slack : 0.251
TNS   : 0.000

Type  : Fast 1100mV 85C Model Hold 'KEY[0]'
Slack : 0.315
TNS   : 0.000

Type  : Fast 1100mV 85C Model Minimum Pulse Width 'CLOCK_50'
Slack : -0.767
TNS   : -1.351

Type  : Fast 1100mV 85C Model Minimum Pulse Width 'KEY[0]'
Slack : -0.701
TNS   : -109.861

Type  : Fast 1100mV 0C Model Setup 'CLOCK_50'
Slack : -2.070
TNS   : -2.070

Type  : Fast 1100mV 0C Model Setup 'KEY[0]'
Slack : -1.879
TNS   : -165.003

Type  : Fast 1100mV 0C Model Hold 'CLOCK_50'
Slack : 0.088
TNS   : 0.000

Type  : Fast 1100mV 0C Model Hold 'KEY[0]'
Slack : 0.292
TNS   : 0.000

Type  : Fast 1100mV 0C Model Minimum Pulse Width 'CLOCK_50'
Slack : -0.764
TNS   : -1.403

Type  : Fast 1100mV 0C Model Minimum Pulse Width 'KEY[0]'
Slack : -0.756
TNS   : -126.134

------------------------------------------------------------
