------------------------------------------------------------
Timing Analyzer Summary
------------------------------------------------------------

Type  : Slow 1100mV 85C Model Setup 'KEY[0]'
Slack : -11.740
TNS   : -20437.849

Type  : Slow 1100mV 85C Model Setup 'CLOCK_50'
Slack : -2.851
TNS   : -2.851

Type  : Slow 1100mV 85C Model Hold 'CLOCK_50'
Slack : 0.644
TNS   : 0.000

Type  : Slow 1100mV 85C Model Hold 'KEY[0]'
Slack : 0.887
TNS   : 0.000

Type  : Slow 1100mV 85C Model Minimum Pulse Width 'CLOCK_50'
Slack : -0.730
TNS   : -1.268

Type  : Slow 1100mV 85C Model Minimum Pulse Width 'KEY[0]'
Slack : -0.538
TNS   : -1987.482

Type  : Slow 1100mV 0C Model Setup 'KEY[0]'
Slack : -11.636
TNS   : -19912.553

Type  : Slow 1100mV 0C Model Setup 'CLOCK_50'
Slack : -2.838
TNS   : -2.838

Type  : Slow 1100mV 0C Model Hold 'CLOCK_50'
Slack : 0.522
TNS   : 0.000

Type  : Slow 1100mV 0C Model Hold 'KEY[0]'
Slack : 0.869
TNS   : 0.000

Type  : Slow 1100mV 0C Model Minimum Pulse Width 'CLOCK_50'
Slack : -0.724
TNS   : -1.275

Type  : Slow 1100mV 0C Model Minimum Pulse Width 'KEY[0]'
Slack : -0.538
TNS   : -2001.989

Type  : Fast 1100mV 85C Model Setup 'KEY[0]'
Slack : -6.059
TNS   : -10084.310

Type  : Fast 1100mV 85C Model Setup 'CLOCK_50'
Slack : -2.244
TNS   : -2.244

Type  : Fast 1100mV 85C Model Hold 'CLOCK_50'
Slack : 0.227
TNS   : 0.000

Type  : Fast 1100mV 85C Model Hold 'KEY[0]'
Slack : 0.307
TNS   : 0.000

Type  : Fast 1100mV 85C Model Minimum Pulse Width 'CLOCK_50'
Slack : -0.771
TNS   : -1.355

Type  : Fast 1100mV 85C Model Minimum Pulse Width 'KEY[0]'
Slack : -0.592
TNS   : -1441.071

Type  : Fast 1100mV 0C Model Setup 'KEY[0]'
Slack : -5.341
TNS   : -8806.915

Type  : Fast 1100mV 0C Model Setup 'CLOCK_50'
Slack : -2.100
TNS   : -2.100

Type  : Fast 1100mV 0C Model Hold 'CLOCK_50'
Slack : 0.113
TNS   : 0.000

Type  : Fast 1100mV 0C Model Hold 'KEY[0]'
Slack : 0.286
TNS   : 0.000

Type  : Fast 1100mV 0C Model Minimum Pulse Width 'CLOCK_50'
Slack : -0.766
TNS   : -1.403

Type  : Fast 1100mV 0C Model Minimum Pulse Width 'KEY[0]'
Slack : -0.656
TNS   : -1795.603

------------------------------------------------------------
